// Jest Snapshot v1, https://goo.gl/fbAQLP

exports[`App app renders correctly 1`] = `ShallowWrapper {}`;
